// Jest Snapshot v1, https://goo.gl/fbAQLP

exports[`Product snapshot 1`] = `ShallowWrapper {}`;
