// Jest Snapshot v1, https://goo.gl/fbAQLP

exports[`Category buttons snapshot 1`] = `ShallowWrapper {}`;
